<html>
<body>
<pre>
<h1>礦ision Build Log</h1>
<h2>Tool Versions:</h2>
IDE-Version: μVision V5.38.0.0
Copyright (C) 2022 ARM Ltd and ARM Germany GmbH. All rights reserved.
License Information: LI 天马创新, LL, LIC=JL28G-V3C93-9U84U-SFGTC-LC2LN-81JA0
 
Tool Versions:
Toolchain:       MDK-ARM Plus  Version: 5.38.0.0
Toolchain Path:  C:\Keil_v5\ARM\ARMCC\Bin
C Compiler:      Armcc.exe V5.05 update 1 (build 106)
Assembler:       Armasm.exe V5.05 update 1 (build 106)
Linker/Locator:  ArmLink.exe V5.05 update 1 (build 106)
Library Manager: ArmAr.exe V5.05 update 1 (build 106)
Hex Converter:   FromElf.exe V5.05 update 1 (build 106)
CPU DLL:         SARMCM3.DLL V5.38.0.0
Dialog DLL:      DCM.DLL V1.17.5.0
Target DLL:      STLink\ST-LINKIII-KEIL_SWO.dll V3.1.0.0
Dialog DLL:      TCM.DLL V1.56.4.0
 
<h2>Project:</h2>
D:\LST\AT32F403A\testc8t6\MDK-ARM\testc8t6.uvprojx
Project File Date:  01/15/2024

<h2>Output:</h2>
*** Using Compiler 'V5.05 update 1 (build 106)', folder: 'C:\Keil_v5\ARM\ARMCC\Bin'
Build target 'testc8t6'
compiling main.c...
../Core/Src/main.c(89): warning:  #177-D: variable "ZZX" was declared but never referenced
  		uint8_t  ZZX[3] = {100};
../Core/Src/main.c: 1 warning, 0 errors
linking...
Program Size: Code=15468 RO-data=340 RW-data=1232 ZI-data=8008  
FromELF: creating hex file...
"testc8t6\testc8t6.axf" - 0 Error(s), 1 Warning(s).

<h2>Software Packages used:</h2>

Package Vendor: ARM
                http://www.keil.com/pack/ARM.CMSIS.5.9.0.pack
                ARM.CMSIS.5.9.0
                CMSIS (Common Microcontroller Software Interface Standard)
   * Component: CORE Version: 5.6.0

Package Vendor: Keil
                https://www.keil.com/pack/Keil.STM32F1xx_DFP.2.4.1.pack
                Keil.STM32F1xx_DFP.2.4.1
                STMicroelectronics STM32F1 Series Device Support, Drivers and Examples

<h2>Collection of Component include folders:</h2>
  ./RTE/_testc8t6
  D:/li/MDK5/ARM/CMSIS/5.9.0/CMSIS/Core/Include
  D:/li/MDK5/Keil/STM32F1xx_DFP/2.4.1/Device/Include

<h2>Collection of Component Files used:</h2>

   * Component: ARM::CMSIS:CORE:5.6.0
Build Time Elapsed:  00:00:01
</pre>
</body>
</html>
