<html>
<body>
<pre>
<h1>礦ision Build Log</h1>
<h2>Tool Versions:</h2>
IDE-Version: μVision V5.38.0.0
Copyright (C) 2022 ARM Ltd and ARM Germany GmbH. All rights reserved.
License Information: LI 天马创新, LL, LIC=JL28G-V3C93-9U84U-SFGTC-LC2LN-81JA0
 
Tool Versions:
Toolchain:       MDK-ARM Plus  Version: 5.38.0.0
Toolchain Path:  C:\Keil_v5\ARM\ARMCC\Bin
C Compiler:      Armcc.exe V5.05 update 1 (build 106)
Assembler:       Armasm.exe V5.05 update 1 (build 106)
Linker/Locator:  ArmLink.exe V5.05 update 1 (build 106)
Library Manager: ArmAr.exe V5.05 update 1 (build 106)
Hex Converter:   FromElf.exe V5.05 update 1 (build 106)
CPU DLL:         SARMCM3.DLL V5.38.0.0
Dialog DLL:      DCM.DLL V1.17.5.0
Target DLL:      STLink\ST-LINKIII-KEIL_SWO.dll V3.1.0.0
Dialog DLL:      TCM.DLL V1.56.4.0
 
<h2>Project:</h2>
D:\LST\AT32F403A\testc8t6\MDK-ARM\testc8t6.uvprojx
Project File Date:  01/27/2024

<h2>Output:</h2>
*** Using Compiler 'V5.05 update 1 (build 106)', folder: 'C:\Keil_v5\ARM\ARMCC\Bin'
Build target 'testc8t6'
assembling startup_stm32f103xb.s...
compiling stm32f1xx_it.c...
compiling usart.c...
compiling stm32f1xx_hal_msp.c...
compiling i2c.c...
compiling stm32f1xx_hal_timebase_tim.c...
compiling gpio.c...
compiling stm32f1xx_hal_gpio_ex.c...
compiling stm32f1xx_hal.c...
compiling main.c...
compiling tim.c...
compiling stm32f1xx_hal_rcc_ex.c...
compiling freertos.c...
../Core/Src/freertos.c(110): warning:  #167-D: argument of type "void (*)(void)" is incompatible with parameter of type "TaskFunction_t"
    gOledtaskHandle = xTaskCreate(oled_contral,"oled_contral",128,NULL,osPriorityAboveNormal,&xOled_contral);
../Core/Src/freertos.c(112): warning:  #167-D: argument of type "void (*)(void)" is incompatible with parameter of type "TaskFunction_t"
    gPwmtaskHandle = xTaskCreate(pwm_contral,"pwm_contral",128,NULL,osPriorityAboveNormal,&xPwm_contral);
../Core/Src/freertos.c: 2 warnings, 0 errors
compiling stm32f1xx_hal_rcc.c...
compiling stm32f1xx_hal_gpio.c...
compiling stm32f1xx_hal_cortex.c...
compiling system_stm32f1xx.c...
compiling stm32f1xx_hal_dma.c...
compiling stm32f1xx_hal_flash.c...
compiling stm32f1xx_hal_exti.c...
compiling stm32f1xx_hal_flash_ex.c...
compiling stm32f1xx_hal_pwr.c...
compiling croutine.c...
compiling pwm.c...
compiling list.c...
compiling stm32f1xx_hal_uart.c...
compiling event_groups.c...
compiling stm32f1xx_hal_tim_ex.c...
compiling stream_buffer.c...
compiling timers.c...
compiling queue.c...
compiling heap_4.c...
compiling tasks.c...
compiling port.c...
compiling stm32f1xx_hal_i2c.c...
compiling stm32f1xx_hal_tim.c...
compiling cmsis_os2.c...
compiling OLED.c...
linking...
Program Size: Code=18400 RO-data=340 RW-data=6368 ZI-data=8008  
FromELF: creating hex file...
"testc8t6\testc8t6.axf" - 0 Error(s), 2 Warning(s).

<h2>Software Packages used:</h2>

Package Vendor: ARM
                http://www.keil.com/pack/ARM.CMSIS.5.9.0.pack
                ARM.CMSIS.5.9.0
                CMSIS (Common Microcontroller Software Interface Standard)
   * Component: CORE Version: 5.6.0

Package Vendor: Keil
                https://www.keil.com/pack/Keil.STM32F1xx_DFP.2.4.1.pack
                Keil.STM32F1xx_DFP.2.4.1
                STMicroelectronics STM32F1 Series Device Support, Drivers and Examples

<h2>Collection of Component include folders:</h2>
  ./RTE/_testc8t6
  D:/li/MDK5/ARM/CMSIS/5.9.0/CMSIS/Core/Include
  D:/li/MDK5/Keil/STM32F1xx_DFP/2.4.1/Device/Include

<h2>Collection of Component Files used:</h2>

   * Component: ARM::CMSIS:CORE:5.6.0
Build Time Elapsed:  00:00:04
</pre>
</body>
</html>
